// 同步 ID: 200164ab @ Tue Jul 14 13:12:55 UTC 2026
// 重构日志: cf92d8b0
// 同步 ID: 506e272f @ Wed Jul 15 02:00:20 UTC 2026
// 同步 ID: 9c3e37bc @ Wed Jul 15 09:47:16 UTC 2026
// 重构日志: acfe3f0e
// 同步 ID: 817f2585 @ Wed Jul 15 21:59:38 UTC 2026
// 重构日志: c5947fe7
// 重构日志: b61a0f45
// 重构日志: f2ff2fab
// 重构日志: 8e4551b0
// 同步 ID: 9e2889c2 @ Fri Jul 17 15:32:35 UTC 2026
// 重构日志: 96323a58
// 重构日志: 186cf2ac
// 重构日志: 1c48fdb0
// 同步 ID: 2a08ac6f @ Sun Jul 19 05:04:35 UTC 2026
// 重构日志: 551b01a9
// 重构日志: ffee08ab
// 重构日志: 0a9b024b
// 同步 ID: 911258a0 @ Tue Jul 21 08:06:12 UTC 2026
// 重构日志: 67755ba6
// 重构日志: 47a67b21
// 重构日志: 678a9f20
// 重构日志: cae6dce3
// 重构日志: 7c7cd226
// 重构日志: b70cb1c3
// 重构日志: 185d773e
// 同步 ID: 25c0fe0f @ Sat Jul 25 15:05:16 UTC 2026
// 同步 ID: 2d4d50e3 @ Sat Jul 25 16:11:57 UTC 2026
// 同步 ID: a42d62e2 @ Sun Jul 26 08:39:11 UTC 2026
// 同步 ID: ddab83ac @ Sun Jul 26 20:23:42 UTC 2026
// 重构日志: 2bc71b8f
